0:1 Table len (=20)
1:1 Table map len (=4)
1:0 Table hash
1:0 Table hash len (=0)
2:4 Table key map
2:1 Map entry (0 => 0)
3:1 Map entry (1 => 0)
4:1 Map entry (2 => 5)
5:1 Map entry (3 => 10)
6:14 Table values
6:1 Scalar (=(Int 1))
7:1 List count (=2)
8:1 List len (=4)
9:2 List body
9:1 Scalar (=(Int 2))
10:1 Scalar (=(Int 3))
11:1 Scalar (=(Int 2))
12:1 List count (=2)
13:1 List len (=4)
14:2 List body
14:1 Scalar (=(Int 1))
15:1 Scalar (=(Int 2))
16:1 Scalar (=(Int 3))
17:1 List count (=1)
18:1 List len (=3)
19:1 List body
19:1 Scalar (=(Int 4))
