// Locals:
// hoisted0 : int (persists=false)
// hoisted1 : int (persists=false)
// hoisted2 : int (persists=false)
// mid5 : int (persists=true)
// key13 : tuple[int, int] (persists=true)
// key10 : tuple[int, int] (persists=false)
// cstart12 : int (persists=true)
// high4 : int (persists=true)
// cstart17 : int (persists=true)
// cstart8 : int (persists=true)
// cstart15 : int (persists=true)
// key16 : tuple[int, int] (persists=false)
// key2 : tuple[int, int] (persists=true)
// low3 : int (persists=true)
// cstart7 : int (persists=true)
// cstart18 : int (persists=true)
// kstart0 : int (persists=true)
// key6 : tuple[int, int] (persists=false)
// cstart11 : int (persists=true)
// vstart1 : int (persists=true)
// idx9 : int (persists=true)
// cstart14 : int (persists=true)
fun printer () : void {
    hoisted0 = 400 / 4;
    hoisted1 = 400 / 4;
    hoisted2 = 400 / 4;
    low3 = 0;
    high4 = hoisted0;
    loop (low3 < high4) {
        mid5 = low3 + high4 / 2;
        kstart0 = 0 + mid5 * 4;
        cstart7 = kstart0;
        cstart8 = cstart7 + 1;
        key6 = (buf[cstart7 : 1], buf[cstart8 : 1]);
        if (not(key6[0] < 3) || not(key6[1] < 4)) {
            high4 = mid5;
        } else {
             low3 = mid5 + 1;
        }
    }
    idx9 = low3;
    if (idx9 < hoisted1) {
        kstart0 = 0 + idx9 * 4;
        cstart11 = kstart0;
        cstart12 = cstart11 + 1;
        key10 = (buf[cstart11 : 1], buf[cstart12 : 1]);
        key13 = key10;
        loop (key13[0] < 5 || key13[0] == 5 || key13[1] < 6 || key13[1] == 6 &&
              idx9 < hoisted2) {
            if (key13[0] < 5 || key13[0] == 5 &&
                key13[1] < 6 || key13[1] == 6 &&
                not(key13[0] < 3) && not(key13[1] < 4)) {
                vstart1 = buf[0 + idx9 * 4 + 2 : 2] + 400 + 0;
                key2 = key13;
                cstart14 = vstart1;
                cstart15 = cstart14 + 1;
                print(tuple[int, int, int, int],
                (key2[0], key2[1], buf[cstart14 : 1], buf[cstart15 : 1]));
            } else {
                 
            }
            idx9 = idx9 + 1;
            kstart0 = 0 + idx9 * 4;
            cstart17 = kstart0;
            cstart18 = cstart17 + 1;
            key16 = (buf[cstart17 : 1], buf[cstart18 : 1]);
            key13 = key16;
        }
    } else {
         
    }
}
// Locals:
// hoisted3 : int (persists=false)
// hoisted4 : int (persists=false)
// hoisted5 : int (persists=false)
// mid5 : int (persists=true)
// key13 : tuple[int, int] (persists=true)
// key10 : tuple[int, int] (persists=false)
// cstart12 : int (persists=true)
// high4 : int (persists=true)
// cstart17 : int (persists=true)
// cstart8 : int (persists=true)
// cstart15 : int (persists=true)
// key16 : tuple[int, int] (persists=false)
// key2 : tuple[int, int] (persists=true)
// low3 : int (persists=true)
// cstart7 : int (persists=true)
// cstart18 : int (persists=true)
// kstart0 : int (persists=true)
// key6 : tuple[int, int] (persists=false)
// cstart11 : int (persists=true)
// vstart1 : int (persists=true)
// idx9 : int (persists=true)
// cstart14 : int (persists=true)
fun consumer () : void {
    hoisted3 = 400 / 4;
    hoisted4 = 400 / 4;
    hoisted5 = 400 / 4;
    low3 = 0;
    high4 = hoisted3;
    loop (low3 < high4) {
        mid5 = low3 + high4 / 2;
        kstart0 = 0 + mid5 * 4;
        cstart7 = kstart0;
        cstart8 = cstart7 + 1;
        key6 = (buf[cstart7 : 1], buf[cstart8 : 1]);
        if (not(key6[0] < 3) || not(key6[1] < 4)) {
            high4 = mid5;
        } else {
             low3 = mid5 + 1;
        }
    }
    idx9 = low3;
    if (idx9 < hoisted4) {
        kstart0 = 0 + idx9 * 4;
        cstart11 = kstart0;
        cstart12 = cstart11 + 1;
        key10 = (buf[cstart11 : 1], buf[cstart12 : 1]);
        key13 = key10;
        loop (key13[0] < 5 || key13[0] == 5 || key13[1] < 6 || key13[1] == 6 &&
              idx9 < hoisted5) {
            if (key13[0] < 5 || key13[0] == 5 &&
                key13[1] < 6 || key13[1] == 6 &&
                not(key13[0] < 3) && not(key13[1] < 4)) {
                vstart1 = buf[0 + idx9 * 4 + 2 : 2] + 400 + 0;
                key2 = key13;
                cstart14 = vstart1;
                cstart15 = cstart14 + 1;
                consume(tuple[int, int, int, int],
                (key2[0], key2[1], buf[cstart14 : 1], buf[cstart15 : 1]));
            } else {
                 
            }
            idx9 = idx9 + 1;
            kstart0 = 0 + idx9 * 4;
            cstart17 = kstart0;
            cstart18 = cstart17 + 1;
            key16 = (buf[cstart17 : 1], buf[cstart18 : 1]);
            key13 = key16;
        }
    } else {
         
    }
}
