// Locals:
// i1 : int (persists=true)
// cstart4 : int (persists=true)
// cstart3 : int (persists=true)
// cstart0 : int (persists=true)
// count2 : int (persists=true)
fun printer () : void {
    cstart0 = 0;
    i1 = 0;
    count2 = 5;
    loop (i1 < count2) {
        cstart3 = cstart0;
        cstart4 = cstart3 + 1;
        print(tuple[int, int], (buf[cstart3 : 1], buf[cstart4 : 1]));
        cstart0 = cstart0 + 2;
        i1 = i1 + 1;
    }
}
// Locals:
// i1 : int (persists=true)
// cstart4 : int (persists=true)
// cstart3 : int (persists=true)
// cstart0 : int (persists=true)
// count2 : int (persists=true)
fun consumer () : void {
    cstart0 = 0;
    i1 = 0;
    count2 = 5;
    loop (i1 < count2) {
        cstart3 = cstart0;
        cstart4 = cstart3 + 1;
        consume(tuple[int, int], (buf[cstart3 : 1], buf[cstart4 : 1]));
        cstart0 = cstart0 + 2;
        i1 = i1 + 1;
    }
}
