(FuncT
 (((FuncT
    (((HashIdxT
       ((IntT ((range (Interval 1 3))))
        (ListT
         ((TupleT
           (((IntT ((range (Interval 1 5)))) (IntT ((range (Interval 3 6)))))
            ((kind Cross))))
          ((count (Interval 1 2)))))
        ((key_count (Interval 3 3)))))
      (FuncT
       (((FuncT
          (((OrderedIdxT
             ((IntT ((range (Interval 1 5))))
              (ListT
               ((TupleT
                 (((IntT ((range (Interval 1 3))))
                   (IntT ((range (Interval 1 5)))))
                  ((kind Cross))))
                ((count (Interval 1 1)))))
              ((key_count (Interval 5 5))))))
           Child_sum)))
        (Width 2))))
     Child_sum)))
  (Width 2)))