// Locals:
// found_tup1 : bool (persists=false)
// count2 : int (persists=false)
// tup0 : tuple[int] (persists=false)
fun printer () : void {
    found_tup1 = false;
    count2 = 0;
    tup0 = (buf[0 : 1]);
    count2 = count2 + 1;
    found_tup1 = true;
    if (found_tup1) {
        if (not(count2 < 0 || count2 == 0)) {
            print(tuple[int], (count2));
        } else {
             
        }
    } else {
         
    }
}
// Locals:
// found_tup1 : bool (persists=false)
// count2 : int (persists=false)
// tup0 : tuple[int] (persists=false)
fun consumer () : void {
    found_tup1 = false;
    count2 = 0;
    tup0 = (buf[0 : 1]);
    count2 = count2 + 1;
    found_tup1 = true;
    if (found_tup1) {
        if (not(count2 < 0 || count2 == 0)) {
            consume(tuple[int], (count2));
        } else {
             
        }
    } else {
         
    }
}
