// Locals:
// i5 : int (persists=true)
// found_tup1 : bool (persists=false)
// cstart7 : int (persists=true)
// count6 : int (persists=true)
// tup0 : tuple[int, int] (persists=false)
// sum2 : int (persists=false)
// cstart8 : int (persists=true)
// cstart4 : int (persists=true)
// count3 : int (persists=false)
fun printer () : void {
    found_tup1 = false;
    sum2 = 0;
    count3 = 0;
    cstart4 = 0;
    i5 = 0;
    count6 = 5;
    loop (i5 < count6) {
        cstart7 = cstart4;
        cstart8 = cstart7 + 1;
        tup0 = (buf[cstart7 : 1], buf[cstart8 : 1]);
        sum2 = sum2 + tup0[0];
        count3 = count3 + 1;
        found_tup1 = true;
        cstart4 = cstart4 + 2;
        i5 = i5 + 1;
    }
    if (found_tup1) {
        print(tuple[int, int], (sum2, count3));
    } else {
         
    }
}
// Locals:
// i5 : int (persists=true)
// found_tup1 : bool (persists=false)
// cstart7 : int (persists=true)
// count6 : int (persists=true)
// tup0 : tuple[int, int] (persists=false)
// sum2 : int (persists=false)
// cstart8 : int (persists=true)
// cstart4 : int (persists=true)
// count3 : int (persists=false)
fun consumer () : void {
    found_tup1 = false;
    sum2 = 0;
    count3 = 0;
    cstart4 = 0;
    i5 = 0;
    count6 = 5;
    loop (i5 < count6) {
        cstart7 = cstart4;
        cstart8 = cstart7 + 1;
        tup0 = (buf[cstart7 : 1], buf[cstart8 : 1]);
        sum2 = sum2 + tup0[0];
        count3 = count3 + 1;
        found_tup1 = true;
        cstart4 = cstart4 + 2;
        i5 = i5 + 1;
    }
    if (found_tup1) {
        consume(tuple[int, int], (sum2, count3));
    } else {
         
    }
}
