// Locals:
// cstart1 : int (persists=true)
// cstart0 : int (persists=true)
fun printer () : void {
    cstart0 = 0;
    cstart1 = cstart0 + 1;
    print(tuple[int, int], (buf[cstart0 : 1], buf[cstart1 : 1]));
}
// Locals:
// cstart1 : int (persists=true)
// cstart0 : int (persists=true)
fun consumer () : void {
    cstart0 = 0;
    cstart1 = cstart0 + 1;
    consume(tuple[int, int], (buf[cstart0 : 1], buf[cstart1 : 1]));
}
