strpos(testing, 7, in, 2) = 5
strpos(tested, 6, in, 2) = 0
17 16
endswith(STANDARD PLATED COPPER, 22, COPPER, 6) = 1
15 14
endswith(SMALL BRUSHED BRASS, 19, BRASS, 5) = 1
0 13
endswith(SMALL BRUSHED BRASS, 19, COPPER, 6) = 0
extract(8980, year=1994, month=8, day=3)
load_date(1992-01-01) = 1992-1-1
load_date(1996-07-01) = 1996-7-1
