(FuncT
 (((TupleT
    (((FuncT
       (((OrderedIdxT
          ((IntT ((range (Interval 1 50))))
           (ListT
            ((FuncT
              (((TupleT
                 (((FixedT ((value ((range Top) (scale 1)))))
                   (FixedT ((value ((range Top) (scale 1)))))
                   (StringT ((nchars Top))))
                  ((kind Cross)))))
               Child_sum))
             ((count Top))))
           ((key_count (Interval 23 23))))))
        (Width 2)))
      (ListT
       ((FuncT
         (((TupleT
            (((IntT ((range Top))) (FixedT ((value ((range Top) (scale 1)))))
              (FixedT ((value ((range Top) (scale 1)))))
              (StringT ((nchars Top))))
             ((kind Cross)))))
          Child_sum))
        ((count (Interval 0 0)))))
      (ListT
       ((FuncT
         (((TupleT
            (((IntT ((range (Interval 22 42))))
              (FixedT ((value ((range Top) (scale 1)))))
              (FixedT ((value ((range Top) (scale 1)))))
              (StringT ((nchars Top))))
             ((kind Cross)))))
          Child_sum))
        ((count (Interval 2 2))))))
     ((kind Concat)))))
  (Width 1)))